


     2-D ITERATION BEHAVIOR

   IT    X-RES      Y-RES

    1 0.4588E+00 0.4530E+00
    2 0.3357E+00 0.3308E+00
    3 0.2479E+00 0.2438E+00
    4 0.1798E+00 0.1765E+00
    5 0.1784E+00 0.1728E+00
